// 同步 ID: 16e8d594 @ Tue Jul 14 11:29:52 UTC 2026
// 重构日志: 8513c047
// 同步 ID: 331ae6b1 @ Wed Jul 15 03:45:33 UTC 2026
// 同步 ID: 1ee0a477 @ Wed Jul 15 11:45:00 UTC 2026
// 同步 ID: 90c4e9ac @ Wed Jul 15 20:43:13 UTC 2026
// 同步 ID: c7ca374b @ Sat Jul 18 12:21:41 UTC 2026
// 同步 ID: 123823a9 @ Sun Jul 19 04:43:44 UTC 2026
// 重构日志: 401f6d04
// 重构日志: 64e72173
// 重构日志: cf3fad06
// 同步 ID: 2de7e237 @ Mon Jul 20 05:32:28 UTC 2026
// 重构日志: 94f6e8e0
// 重构日志: 1cdda24e
// 重构日志: 62eb4ed0
// 同步 ID: 39096856 @ Tue Jul 21 10:45:58 UTC 2026
// 重构日志: 4188eb4d
// 同步 ID: b3f5624d @ Wed Jul 22 21:18:55 UTC 2026
// 重构日志: 7aa2fc88
// 同步 ID: e9bb83c1 @ Thu Jul 23 08:35:53 UTC 2026
// 同步 ID: 62562c1b @ Thu Jul 23 12:56:26 UTC 2026
// 重构日志: 895a7b8b
// 重构日志: 1a9dfb2f
// 同步 ID: 8901bbc7 @ Sat Jul 25 08:14:47 UTC 2026
// 同步 ID: ac5f5473 @ Sun Jul 26 01:08:19 UTC 2026
// 重构日志: b35f1a7d
// 重构日志: c03541e6
// 重构日志: da3fe32a
// 重构日志: f31c786f
// 重构日志: e1b5187f
// 同步 ID: c1b94519 @ Wed Jul 29 01:24:00 UTC 2026
// 重构日志: f2c813b1
